// Jest Snapshot v1, https://goo.gl/fbAQLP

exports[`AlertList should be null by default 1`] = `null`;

exports[`AlertList should render messages of each type 1`] = `
Array [
  <div
    className="fade alert-content alert alert-warning show"
    dialog="Boo indeed!"
    role="alert"
  >
    <div
      className="pgn__alert-message-wrapper"
    >
      <div
        className="alert-message-content"
      >
        Boo indeed!
      </div>
      <div
        className="pgn__alert-actions pgn__action-row"
      >
        <span
          className="pgn__action-row-spacer"
        />
        <button
          className="btn btn-tertiary btn-sm"
          disabled={false}
          onClick={[Function]}
          type="button"
        >
          Dismiss
        </button>
      </div>
    </div>
  </div>,
  <div
    className="fade alert-content alert alert-info show"
    dialog="Bah!"
    role="alert"
  >
    <div
      className="pgn__alert-message-wrapper"
    >
      <div
        className="alert-message-content"
      >
        Bah!
      </div>
      <div
        className="pgn__alert-actions pgn__action-row"
      >
        <span
          className="pgn__action-row-spacer"
        />
        <button
          className="btn btn-tertiary btn-sm"
          disabled={false}
          onClick={[Function]}
          type="button"
        >
          Dismiss
        </button>
      </div>
    </div>
  </div>,
  <div
    className="fade alert-content alert alert-success show"
    dialog="Meh!"
    role="alert"
  >
    <div
      className="pgn__alert-message-wrapper"
    >
      <div
        className="alert-message-content"
      >
        Meh!
      </div>
      <div
        className="pgn__alert-actions pgn__action-row"
      >
        <span
          className="pgn__action-row-spacer"
        />
        <button
          className="btn btn-tertiary btn-sm"
          disabled={false}
          onClick={[Function]}
          type="button"
        >
          Dismiss
        </button>
      </div>
    </div>
  </div>,
  <div
    className="fade alert-content alert alert-danger show"
    dialog="Gah!  An error!"
    role="alert"
  >
    <div
      className="pgn__alert-message-wrapper"
    >
      <div
        className="alert-message-content"
      >
        Gah!  An error!
      </div>
      <div
        className="pgn__alert-actions pgn__action-row"
      >
        <span
          className="pgn__action-row-spacer"
        />
        <button
          className="btn btn-tertiary btn-sm"
          disabled={false}
          onClick={[Function]}
          type="button"
        >
          Dismiss
        </button>
      </div>
    </div>
  </div>,
  <div
    className="fade alert-content alert alert-warning show"
    dialog="Debug debug"
    role="alert"
  >
    <div
      className="pgn__alert-message-wrapper"
    >
      <div
        className="alert-message-content"
      >
        Debug debug
      </div>
      <div
        className="pgn__alert-actions pgn__action-row"
      >
        <span
          className="pgn__action-row-spacer"
        />
        <button
          className="btn btn-tertiary btn-sm"
          disabled={false}
          onClick={[Function]}
          type="button"
        >
          Dismiss
        </button>
      </div>
    </div>
  </div>,
  <div
    className="fade alert-content alert alert-danger show"
    dialog={
      <FallbackErrorMessage
        values={Object {}}
      />
    }
    role="alert"
  >
    <div
      className="pgn__alert-message-wrapper"
    >
      <div
        className="alert-message-content"
      >
        There was an unexpected problem. If the problem persists, please 
        <a
          className="pgn__hyperlink default-link standalone-link"
          href="http://localhost:18000/support"
          onClick={[Function]}
          target="_self"
        >
          contact support
        </a>
        .
      </div>
      <div
        className="pgn__alert-actions pgn__action-row"
      >
        <span
          className="pgn__action-row-spacer"
        />
        <button
          className="btn btn-tertiary btn-sm"
          disabled={false}
          onClick={[Function]}
          type="button"
        >
          Dismiss
        </button>
      </div>
    </div>
  </div>,
]
`;
