// Jest Snapshot v1, https://goo.gl/fbAQLP

exports[`subscription clientSecret redux tests clientSecret reducer should return the default state when appropriate 1`] = `
Object {
  "clientSecretId": "",
  "isClientSecretProcessing": false,
}
`;

exports[`subscription clientSecret redux tests clientSecret reducer should return the default state when appropriate 2`] = `
Object {
  "clientSecretId": "",
  "isClientSecretProcessing": false,
}
`;

exports[`subscription clientSecret redux tests clientSecret reducer should return the default state when appropriate 3`] = `
Object {
  "clientSecret": Object {
    "clientSecretId": "",
    "isClientSecretProcessing": false,
  },
  "details": Object {
    "certificateType": "verified",
    "currency": "USD",
    "isSubscriptionDetailsProcessing": false,
    "loaded": false,
    "loading": true,
    "organization": "University of California, Berkeley",
    "paymentMethod": "stripe",
    "price": 49,
    "products": Array [],
    "programTitle": "Blockchain Fundamentals",
    "redirect": false,
    "submitting": false,
  },
}
`;
