// Jest Snapshot v1, https://goo.gl/fbAQLP

exports[`<UpdateQuantityForm/> should render properly 1`] = `
<form
  className="summary-row form-inline"
  onSubmit={[Function]}
>
  <div
    className="form-group mr-2"
  >
    <label
      htmlFor="code-quantity"
    >
      <span>
        Quantity
      </span>
    </label>
    <div
      className="position-relative"
    >
      <input
        className="form-control form-control-sm"
        defaultValue={1}
        id="code-quantity"
        max="100"
        min="1"
        name="code-quantity"
        style={
          Object {
            "width": "5rem",
          }
        }
        type="number"
      />
      <small
        className="text-muted small"
        style={
          Object {
            "left": 0,
            "position": "absolute",
            "top": "100%",
          }
        }
      >
        <span>
          Max: 100
        </span>
      </small>
    </div>
  </div>
  <button
    aria-disabled={false}
    aria-live="assertive"
    className="btn pgn__stateful-btn pgn__stateful-btn-state-default btn-primary btn-sm"
    onBlur={[Function]}
    onClick={[Function]}
    onKeyDown={[Function]}
    type="submit"
  >
    <span
      className="d-flex align-items-center justify-content-center"
    >
      <span>
        Update
      </span>
    </span>
  </button>
</form>
`;
