// Jest Snapshot v1, https://goo.gl/fbAQLP

exports[`redux tests should return the default state when appropriate 1`] = `
{
  "byId": {},
  "orderedIds": [],
}
`;

exports[`redux tests should return the default state when appropriate 2`] = `
{
  "byId": {},
  "orderedIds": [],
}
`;

exports[`redux tests should return the default state when appropriate 3`] = `
{
  "byId": {},
  "orderedIds": [],
}
`;
